[16июл.2026 15:29:10.993] [main/INFO] [cpw.mods.modlauncher.Launcher/MODLAUNCHER]: ModLauncher running: args [--launchTarget, forgeclientdev, --version, 21.1.228, --assetIndex, 17, --assetsDir, C:\\Users\\Baron\\.gradle\\caches\\neoformruntime\\assets, --gameDir, ., --fml.fmlVersion, 4.0.42, --fml.mcVersion, 1.21.1, --fml.neoForgeVersion, 21.1.228, --fml.neoFormVersion, 20240808.144430]
[16июл.2026 15:29:10.995] [main/INFO] [cpw.mods.modlauncher.Launcher/MODLAUNCHER]: JVM identified as Microsoft OpenJDK 64-Bit Server VM 21.0.10+7-LTS
[16июл.2026 15:29:10.996] [main/INFO] [cpw.mods.modlauncher.Launcher/MODLAUNCHER]: ModLauncher 11.0.5+main.901c6ea8 starting: java version 21.0.10 by Microsoft; OS Windows 10 arch amd64 version 10.0
[16июл.2026 15:29:11.076] [main/INFO] [net.neoforged.fml.loading.ImmediateWindowHandler/]: Loading ImmediateWindowProvider fmlearlywindow
[16июл.2026 15:29:11.144] [main/INFO] [EARLYDISPLAY/]: Trying GL version 4.6
[16июл.2026 15:29:11.210] [main/INFO] [EARLYDISPLAY/]: Requested GL version 4.6 got version 4.6
[16июл.2026 15:29:11.298] [main/INFO] [mixin/]: SpongePowered MIXIN Subsystem Version=0.8.7 Source=union:/C:/Users/Baron/.gradle/caches/modules-2/files-2.1/net.fabricmc/sponge-mixin/0.15.2+mixin.0.8.7/2af2f021d8e02a0220dc27a7a72b4666d66d44ca/sponge-mixin-0.15.2+mixin.0.8.7.jar%23138!/ Service=ModLauncher Env=CLIENT
[16июл.2026 15:29:11.391] [pool-2-thread-1/INFO] [EARLYDISPLAY/]: GL info: Intel(R) UHD Graphics GL version 4.6.0 - Build 32.0.101.7085, Intel
[16июл.2026 15:29:11.645] [main/INFO] [net.neoforged.fml.loading.moddiscovery.locators.JarInJarDependencyLocator/]: Found 2 dependencies adding them to mods collection
[16июл.2026 15:29:11.645] [main/INFO] [net.neoforged.fml.loading.moddiscovery.ModDiscoverer/]: 
     Mod List:
		Name Version (Mod Id)

		Curios API 9.5.1+1.21.1 (curios)
		Iter 1.0 (iter)
		Minecraft 1.21.1 (minecraft)
		NeoForge 21.1.228 (neoforge)
[16июл.2026 15:29:12.444] [main/INFO] [mixin/]: Compatibility level set to JAVA_21
[16июл.2026 15:29:12.459] [main/INFO] [cpw.mods.modlauncher.LaunchServiceHandler/MODLAUNCHER]: Launching target 'forgeclientdev' with arguments [--version, 21.1.228, --gameDir, ., --assetsDir, C:\Users\Baron\.gradle\caches\neoformruntime\assets, --assetIndex, 17]
[16июл.2026 15:29:12.506] [main/WARN] [mixin/]: Reference map 'curios.refmap.json' for curios.neoforge.mixins.json could not be read. If this is a development environment you can ignore this message
[16июл.2026 15:29:12.507] [main/WARN] [mixin/]: Reference map 'curios.refmap.json' for curios.mixins.json could not be read. If this is a development environment you can ignore this message
[16июл.2026 15:29:13.349] [main/INFO] [MixinExtras|Service/]: Initializing MixinExtras via com.llamalad7.mixinextras.service.MixinExtrasServiceImpl(version=0.5.3).
[16июл.2026 15:29:13.986] [Datafixer Bootstrap/INFO] [com.mojang.datafixers.DataFixerBuilder/]: 229 Datafixer optimizations took 252 milliseconds
[16июл.2026 15:29:17.470] [main/WARN] [net.minecraft.commands.Commands/]: Ambiguity between arguments [teleport, location] and [teleport, destination] with inputs: [0.1 -0.5 .9, 0 0 0]
[16июл.2026 15:29:17.470] [main/WARN] [net.minecraft.commands.Commands/]: Ambiguity between arguments [teleport, location] and [teleport, targets] with inputs: [0.1 -0.5 .9, 0 0 0]
[16июл.2026 15:29:17.486] [main/WARN] [net.minecraft.commands.Commands/]: Ambiguity between arguments [teleport, destination] and [teleport, targets] with inputs: [Player, 0123, @e, dd12be42-52a9-4a91-a8a1-11c01849e498]
[16июл.2026 15:29:17.486] [main/WARN] [net.minecraft.commands.Commands/]: Ambiguity between arguments [teleport, targets] and [teleport, destination] with inputs: [Player, 0123, dd12be42-52a9-4a91-a8a1-11c01849e498]
[16июл.2026 15:29:17.486] [main/WARN] [net.minecraft.commands.Commands/]: Ambiguity between arguments [teleport, targets, location] and [teleport, targets, destination] with inputs: [0.1 -0.5 .9, 0 0 0]
[16июл.2026 15:29:17.594] [Render thread/WARN] [net.minecraft.server.packs.VanillaPackResourcesBuilder/]: Assets URL 'union:/C:/Users/Baron/IdeaProjects/iterNF/build/moddev/artifacts/neoforge-21.1.228.jar%23189!/assets/.mcassetsroot' uses unexpected schema
[16июл.2026 15:29:17.594] [Render thread/WARN] [net.minecraft.server.packs.VanillaPackResourcesBuilder/]: Assets URL 'union:/C:/Users/Baron/IdeaProjects/iterNF/build/moddev/artifacts/neoforge-21.1.228.jar%23189!/data/.mcassetsroot' uses unexpected schema
[16июл.2026 15:29:17.616] [Render thread/INFO] [com.mojang.authlib.yggdrasil.YggdrasilAuthenticationService/]: Environment: Environment[sessionHost=https://sessionserver.mojang.com, servicesHost=https://api.minecraftservices.com, name=PROD]
[16июл.2026 15:29:17.625] [Render thread/INFO] [net.minecraft.client.Minecraft/]: Setting user: Dev
[16июл.2026 15:29:17.691] [Render thread/INFO] [net.minecraft.client.Minecraft/]: Backend library: LWJGL version 3.3.3+5
[16июл.2026 15:29:17.832] [modloading-worker-0/INFO] [net.neoforged.neoforge.common.NeoForgeMod/NEOFORGE-MOD]: NeoForge mod loading, version 21.1.228, for MC 1.21.1
[16июл.2026 15:29:18.451] [Render thread/INFO] [net.neoforged.neoforge.gametest.GameTestHooks/]: Enabled Gametest Namespaces: [iter]
[16июл.2026 15:29:18.659] [Render thread/INFO] [net.minecraft.server.packs.resources.ReloadableResourceManager/]: Reloading ResourceManager: vanilla, mod_resources, mod/curios, mod/iter, mod/neoforge
[16июл.2026 15:29:18.753] [Worker-Main-3/INFO] [net.minecraft.client.gui.font.providers.UnihexProvider/]: Found unifont_all_no_pua-15.1.05.hex, loading
[16июл.2026 15:29:18.886] [Worker-Main-2/INFO] [net.minecraft.client.gui.font.providers.UnihexProvider/]: Found unifont_jp_patch-15.1.05.hex, loading
[16июл.2026 15:29:19.412] [Worker-Main-4/WARN] [net.minecraft.client.resources.model.ModelBakery/]: Unable to load model: 'minecraft:void_maw' referenced from: iter:block/void_maw: java.io.FileNotFoundException: minecraft:models/void_maw.json
[16июл.2026 15:29:19.413] [Worker-Main-4/WARN] [net.minecraft.client.resources.model.ModelBakery/]: Unable to load model: 'iter:item/copper_coin' referenced from: iter:item/copper_coin: java.io.FileNotFoundException: iter:models/item/copper_coin.json
[16июл.2026 15:29:19.416] [Worker-Main-4/WARN] [net.minecraft.client.resources.model.ModelBakery/]: Unable to load model: 'iter:item/diamond_coin' referenced from: iter:item/diamond_coin: java.io.FileNotFoundException: iter:models/item/diamond_coin.json
[16июл.2026 15:29:19.769] [Worker-Main-4/WARN] [net.minecraft.client.resources.model.ModelManager/]: Missing textures in model iter:gobsteel_rifle#inventory:
    minecraft:textures/atlas/blocks.png:minecraft:gobsteel_rifle_handheld
[16июл.2026 15:29:19.994] [Render thread/WARN] [net.minecraft.client.sounds.SoundEngine/]: Missing sound for event: minecraft:item.goat_horn.play
[16июл.2026 15:29:19.994] [Render thread/WARN] [net.minecraft.client.sounds.SoundEngine/]: Missing sound for event: minecraft:entity.goat.screaming.horn_break
[16июл.2026 15:29:21.108] [Render thread/INFO] [com.mojang.blaze3d.audio.Library/]: OpenAL initialized on device OpenAL Soft on Динамики (Realtek(R) Audio)
[16июл.2026 15:29:21.109] [Render thread/INFO] [net.minecraft.client.sounds.SoundEngine/SOUNDS]: Sound engine started
[16июл.2026 15:29:21.187] [Render thread/INFO] [net.minecraft.client.renderer.texture.TextureAtlas/]: Created: 1024x1024x4 minecraft:textures/atlas/blocks.png-atlas
[16июл.2026 15:29:21.600] [Render thread/INFO] [net.minecraft.client.renderer.texture.TextureAtlas/]: Created: 256x256x4 minecraft:textures/atlas/signs.png-atlas
[16июл.2026 15:29:21.608] [Render thread/INFO] [net.minecraft.client.renderer.texture.TextureAtlas/]: Created: 512x512x4 minecraft:textures/atlas/banner_patterns.png-atlas
[16июл.2026 15:29:21.623] [Render thread/INFO] [net.minecraft.client.renderer.texture.TextureAtlas/]: Created: 512x512x4 minecraft:textures/atlas/shield_patterns.png-atlas
[16июл.2026 15:29:21.639] [Render thread/INFO] [net.minecraft.client.renderer.texture.TextureAtlas/]: Created: 1024x1024x4 minecraft:textures/atlas/armor_trims.png-atlas
[16июл.2026 15:29:21.734] [Render thread/INFO] [net.minecraft.client.renderer.texture.TextureAtlas/]: Created: 128x64x4 minecraft:textures/atlas/decorated_pot.png-atlas
[16июл.2026 15:29:21.740] [Render thread/INFO] [net.minecraft.client.renderer.texture.TextureAtlas/]: Created: 256x256x4 minecraft:textures/atlas/chest.png-atlas
[16июл.2026 15:29:21.743] [Render thread/INFO] [net.minecraft.client.renderer.texture.TextureAtlas/]: Created: 512x256x4 minecraft:textures/atlas/shulker_boxes.png-atlas
[16июл.2026 15:29:21.747] [Render thread/INFO] [net.minecraft.client.renderer.texture.TextureAtlas/]: Created: 512x256x4 minecraft:textures/atlas/beds.png-atlas
[16июл.2026 15:29:21.804] [Render thread/INFO] [net.minecraft.client.renderer.texture.TextureAtlas/]: Created: 512x256x0 minecraft:textures/atlas/particles.png-atlas
[16июл.2026 15:29:21.817] [Render thread/INFO] [net.minecraft.client.renderer.texture.TextureAtlas/]: Created: 512x256x0 minecraft:textures/atlas/paintings.png-atlas
[16июл.2026 15:29:21.820] [Render thread/INFO] [net.minecraft.client.renderer.texture.TextureAtlas/]: Created: 256x128x0 minecraft:textures/atlas/mob_effects.png-atlas
[16июл.2026 15:29:21.822] [Render thread/INFO] [net.minecraft.client.renderer.texture.TextureAtlas/]: Created: 64x64x0 minecraft:textures/atlas/map_decorations.png-atlas
[16июл.2026 15:29:21.825] [Render thread/INFO] [net.minecraft.client.renderer.texture.TextureAtlas/]: Created: 1024x512x0 minecraft:textures/atlas/gui.png-atlas
[16июл.2026 15:29:21.878] [Render thread/WARN] [net.minecraft.client.renderer.ShaderInstance/]: Shader rendertype_entity_translucent_emissive could not find sampler named Sampler2 in the specified shader program.
[16июл.2026 15:29:21.948] [Render thread/INFO] [net.neoforged.neoforge.client.entity.animation.json.AnimationLoader/]: Loaded 0 entity animations
[16июл.2026 15:29:28.123] [Worker-Main-3/ERROR] [net.minecraft.world.level.storage.loot.LootDataType/]: Couldn't parse element ResourceKey[minecraft:root / minecraft:loot_table]:iter:presets/magic - No key value in MapLike[{"type":"minecraft:loot_table","name":"iter:gameplay/spelldrop_up_to_expert","weight":8}]
[16июл.2026 15:29:28.144] [Worker-Main-3/ERROR] [net.minecraft.world.level.storage.loot.LootDataType/]: Couldn't parse element ResourceKey[minecraft:root / minecraft:loot_table]:iter:blocks/cruncher - Unknown registry key in ResourceKey[minecraft:root / neoforge:condition_codecs]: minecraft:survives_explosion
[16июл.2026 15:29:28.161] [Worker-Main-3/WARN] [net.minecraft.server.ReloadableServerRegistries/]: Found loot table element validation problem in {minecraft:loot_table:iter:chests/treasure_chest}.pools[3].entries[2]: Unknown loot table called iter:presets/magic
[16июл.2026 15:29:28.162] [Worker-Main-3/WARN] [net.minecraft.server.ReloadableServerRegistries/]: Found loot table element validation problem in {minecraft:loot_table:iter:gameplay/spelldrop_up_to_expert}.pools[0].entries[1]->{iter:gameplay/spelldrop_adept}.pools[0].entries[1]: Unknown loot table called iter:gameplay/spelldrop_adept_elemental
[16июл.2026 15:29:28.162] [Worker-Main-3/WARN] [net.minecraft.server.ReloadableServerRegistries/]: Found loot table element validation problem in {minecraft:loot_table:iter:gameplay/spelldrop_up_to_expert}.pools[0].entries[2]->{iter:gameplay/spelldrop_expert}.pools[0].entries[1]: Unknown loot table called iter:gameplay/spelldrop_expert_elemental
[16июл.2026 15:29:28.162] [Worker-Main-3/WARN] [net.minecraft.server.ReloadableServerRegistries/]: Found loot table element validation problem in {minecraft:loot_table:iter:gameplay/spelldrop_adept}.pools[0].entries[1]: Unknown loot table called iter:gameplay/spelldrop_adept_elemental
[16июл.2026 15:29:28.162] [Worker-Main-3/WARN] [net.minecraft.server.ReloadableServerRegistries/]: Found loot table element validation problem in {minecraft:loot_table:iter:entities/dark_sorcerer}.pools[1].entries[2]->{iter:gameplay/spelldrop_up_to_expert}.pools[0].entries[2]->{iter:gameplay/spelldrop_expert}.pools[0].entries[1]: Unknown loot table called iter:gameplay/spelldrop_expert_elemental
[16июл.2026 15:29:28.162] [Worker-Main-3/WARN] [net.minecraft.server.ReloadableServerRegistries/]: Found loot table element validation problem in {minecraft:loot_table:iter:entities/dark_sorcerer}.pools[1].entries[1]->{iter:gameplay/spelldrop_up_to_adept}.pools[0].entries[1]->{iter:gameplay/spelldrop_adept}.pools[0].entries[1]: Unknown loot table called iter:gameplay/spelldrop_adept_elemental
[16июл.2026 15:29:28.162] [Worker-Main-3/WARN] [net.minecraft.server.ReloadableServerRegistries/]: Found loot table element validation problem in {minecraft:loot_table:iter:gameplay/spelldrop_expert}.pools[0].entries[1]: Unknown loot table called iter:gameplay/spelldrop_expert_elemental
[16июл.2026 15:29:28.162] [Worker-Main-3/WARN] [net.minecraft.server.ReloadableServerRegistries/]: Found loot table element validation problem in {minecraft:loot_table:iter:gameplay/spelldrop_up_to_adept}.pools[0].entries[1]->{iter:gameplay/spelldrop_adept}.pools[0].entries[1]: Unknown loot table called iter:gameplay/spelldrop_adept_elemental
[16июл.2026 15:29:28.162] [Worker-Main-3/WARN] [net.minecraft.server.ReloadableServerRegistries/]: Found loot table element validation problem in {minecraft:loot_table:iter:entities/dark_sorcerer}.pools[1].entries[2]->{iter:gameplay/spelldrop_up_to_expert}.pools[0].entries[1]->{iter:gameplay/spelldrop_adept}.pools[0].entries[1]: Unknown loot table called iter:gameplay/spelldrop_adept_elemental
[16июл.2026 15:29:28.218] [Worker-Main-3/ERROR] [net.minecraft.tags.TagLoader/]: Couldn't load tag iter:gun as it is missing following references: 
	iter:goblin_handcannon (from mod/iter)
[16июл.2026 15:29:28.299] [Render thread/INFO] [net.minecraft.world.item.crafting.RecipeManager/]: Loaded 1401 recipes
[16июл.2026 15:29:28.399] [Render thread/INFO] [net.minecraft.advancements.AdvancementTree/]: Loaded 1399 advancements
[16июл.2026 15:29:28.403] [Render thread/INFO] [Curios API/]: Loaded 11 curio slots
[16июл.2026 15:29:28.404] [Render thread/INFO] [Curios API/]: Loaded 1 curio entities
[16июл.2026 15:29:28.410] [Render thread/WARN] [net.minecraft.core.MappedRegistry/]: Not all defined tags for registry ResourceKey[minecraft:root / minecraft:item] are present in data pack: iter:gun
[16июл.2026 15:29:28.726] [Server thread/INFO] [net.minecraft.client.server.IntegratedServer/]: Starting integrated minecraft server version 1.21.1
[16июл.2026 15:29:28.726] [Server thread/INFO] [net.minecraft.server.MinecraftServer/]: Generating keypair
[16июл.2026 15:29:29.529] [Server thread/INFO] [net.minecraft.server.MinecraftServer/]: Preparing start region for dimension minecraft:overworld
[16июл.2026 15:29:29.730] [progressListener/INFO] [net.minecraft.server.level.progress.LoggerChunkProgressListener/]: Preparing spawn area: 0%
[16июл.2026 15:29:29.795] [Server thread/INFO] [net.neoforged.neoforge.server.permission.PermissionAPI/]: Successfully initialized permission handler neoforge:default_handler
[16июл.2026 15:29:29.805] [progressListener/INFO] [net.minecraft.server.level.progress.LoggerChunkProgressListener/]: Time elapsed: 270 ms
[16июл.2026 15:29:29.846] [Server thread/INFO] [net.minecraft.client.server.IntegratedServer/]: Changing view distance to 12, from 10
[16июл.2026 15:29:29.846] [Server thread/INFO] [net.minecraft.client.server.IntegratedServer/]: Changing simulation distance to 12, from 0
[16июл.2026 15:29:30.423] [Server thread/INFO] [net.minecraft.server.players.PlayerList/]: Dev[local:E:f7f97a65] logged in with entity id 16 at (-785.3798060544657, 95.68271892785265, 287.5993595315016)
[16июл.2026 15:29:30.508] [Server thread/INFO] [net.minecraft.server.MinecraftServer/]: Dev joined the game
[16июл.2026 15:29:30.673] [Render thread/INFO] [net.minecraft.advancements.AdvancementTree/]: Loaded 108 advancements
[16июл.2026 15:29:31.605] [Server thread/INFO] [net.minecraft.client.server.IntegratedServer/]: Saving and pausing game...
[16июл.2026 15:29:31.632] [Server thread/INFO] [net.minecraft.server.MinecraftServer/]: Saving chunks for level 'ServerLevel[New World]'/minecraft:overworld
[16июл.2026 15:29:31.644] [Server thread/INFO] [net.minecraft.server.MinecraftServer/]: Saving chunks for level 'ServerLevel[New World]'/minecraft:the_end
[16июл.2026 15:29:31.646] [Server thread/INFO] [net.minecraft.server.MinecraftServer/]: Saving chunks for level 'ServerLevel[New World]'/minecraft:the_nether
[16июл.2026 15:29:39.075] [Render thread/INFO] [com.mojang.blaze3d.platform.GlDebug/]: OpenGL debug message: id=1280, source=API, type=ERROR, severity=HIGH, message='Error has been generated. GL error GL_INVALID_ENUM in (null): (ID: 173538523) Generic error'
[16июл.2026 15:29:40.216] [Render thread/INFO] [com.mojang.blaze3d.platform.GlDebug/]: OpenGL debug message: id=1280, source=API, type=ERROR, severity=HIGH, message='Error has been generated. GL error GL_INVALID_ENUM in (null): (ID: 173538523) Generic error'
[16июл.2026 15:29:42.856] [Server thread/INFO] [net.minecraft.server.MinecraftServer/]: [Dev: Set own game mode to Creative Mode]
[16июл.2026 15:29:42.868] [Render thread/INFO] [net.minecraft.client.gui.components.ChatComponent/]: [System] [CHAT] Set own game mode to Creative Mode
[16июл.2026 15:30:29.867] [Server thread/INFO] [net.minecraft.server.MinecraftServer/]: [Dev: Summoned new Pillager]
[16июл.2026 15:30:29.882] [Render thread/INFO] [net.minecraft.client.gui.components.ChatComponent/]: [System] [CHAT] Summoned new Pillager
[16июл.2026 15:30:38.142] [Server thread/INFO] [net.minecraft.server.MinecraftServer/]: [Dev: Summoned new Piglin]
[16июл.2026 15:30:38.152] [Render thread/INFO] [net.minecraft.client.gui.components.ChatComponent/]: [System] [CHAT] Summoned new Piglin
[16июл.2026 15:30:46.247] [Server thread/INFO] [net.minecraft.server.MinecraftServer/]: [Dev: Summoned new Zombie]
[16июл.2026 15:30:46.261] [Render thread/INFO] [net.minecraft.client.gui.components.ChatComponent/]: [System] [CHAT] Summoned new Zombie
[16июл.2026 15:30:55.705] [Server thread/INFO] [net.minecraft.server.MinecraftServer/]: [Dev: Set own game mode to Spectator Mode]
[16июл.2026 15:30:55.712] [Render thread/INFO] [net.minecraft.client.gui.components.ChatComponent/]: [System] [CHAT] Set own game mode to Spectator Mode
[16июл.2026 15:31:01.597] [Server thread/INFO] [net.minecraft.client.server.IntegratedServer/]: Saving and pausing game...
[16июл.2026 15:31:01.614] [Server thread/INFO] [net.minecraft.server.MinecraftServer/]: Saving chunks for level 'ServerLevel[New World]'/minecraft:overworld
[16июл.2026 15:31:01.630] [Server thread/INFO] [net.minecraft.server.MinecraftServer/]: Saving chunks for level 'ServerLevel[New World]'/minecraft:the_end
[16июл.2026 15:31:01.630] [Server thread/INFO] [net.minecraft.server.MinecraftServer/]: Saving chunks for level 'ServerLevel[New World]'/minecraft:the_nether
[16июл.2026 15:31:14.368] [Server thread/INFO] [net.minecraft.server.MinecraftServer/]: [Dev: Summoned new Skeleton]
[16июл.2026 15:31:14.379] [Render thread/INFO] [net.minecraft.client.gui.components.ChatComponent/]: [System] [CHAT] Summoned new Skeleton
[16июл.2026 15:31:17.447] [Server thread/INFO] [net.minecraft.client.server.IntegratedServer/]: Saving and pausing game...
[16июл.2026 15:31:17.457] [Server thread/INFO] [net.minecraft.server.MinecraftServer/]: Saving chunks for level 'ServerLevel[New World]'/minecraft:overworld
[16июл.2026 15:31:17.479] [Server thread/INFO] [net.minecraft.server.MinecraftServer/]: Saving chunks for level 'ServerLevel[New World]'/minecraft:the_end
[16июл.2026 15:31:17.479] [Server thread/INFO] [net.minecraft.server.MinecraftServer/]: Saving chunks for level 'ServerLevel[New World]'/minecraft:the_nether
[16июл.2026 15:31:24.852] [Server thread/INFO] [net.minecraft.server.MinecraftServer/]: [Dev: Set own game mode to Creative Mode]
[16июл.2026 15:31:24.862] [Render thread/INFO] [net.minecraft.client.gui.components.ChatComponent/]: [System] [CHAT] Set own game mode to Creative Mode
[16июл.2026 15:31:52.911] [Render thread/INFO] [net.minecraft.advancements.AdvancementTree/]: Loaded 108 advancements
[16июл.2026 15:31:55.472] [Server thread/INFO] [net.minecraft.server.MinecraftServer/]: [Dev: Summoned new Vindicator]
[16июл.2026 15:31:55.482] [Render thread/INFO] [net.minecraft.client.gui.components.ChatComponent/]: [System] [CHAT] Summoned new Vindicator
[16июл.2026 15:31:58.656] [Server thread/INFO] [net.minecraft.server.MinecraftServer/]: [Dev: Set own game mode to Survival Mode]
[16июл.2026 15:31:58.661] [Render thread/INFO] [net.minecraft.client.gui.components.ChatComponent/]: [System] [CHAT] Set own game mode to Survival Mode
[16июл.2026 15:32:03.196] [Server thread/INFO] [net.minecraft.server.MinecraftServer/]: [Dev: Set own game mode to Spectator Mode]
[16июл.2026 15:32:03.211] [Render thread/INFO] [net.minecraft.client.gui.components.ChatComponent/]: [System] [CHAT] Set own game mode to Spectator Mode
[16июл.2026 15:32:04.437] [Server thread/INFO] [net.minecraft.server.MinecraftServer/]: [Dev: Set own game mode to Creative Mode]
[16июл.2026 15:32:04.445] [Render thread/INFO] [net.minecraft.client.gui.components.ChatComponent/]: [System] [CHAT] Set own game mode to Creative Mode
[16июл.2026 15:32:04.647] [Server thread/INFO] [net.minecraft.client.server.IntegratedServer/]: Saving and pausing game...
[16июл.2026 15:32:04.656] [Server thread/INFO] [net.minecraft.server.MinecraftServer/]: Saving chunks for level 'ServerLevel[New World]'/minecraft:overworld
[16июл.2026 15:32:04.671] [Server thread/INFO] [net.minecraft.server.MinecraftServer/]: Saving chunks for level 'ServerLevel[New World]'/minecraft:the_end
[16июл.2026 15:32:04.671] [Server thread/INFO] [net.minecraft.server.MinecraftServer/]: Saving chunks for level 'ServerLevel[New World]'/minecraft:the_nether
[16июл.2026 15:32:38.067] [Server thread/INFO] [net.minecraft.server.MinecraftServer/]: [Dev: Gave 1 [item.iter.gobsteel_rifle] to Dev]
[16июл.2026 15:32:38.079] [Render thread/INFO] [net.minecraft.client.gui.components.ChatComponent/]: [System] [CHAT] Gave 1 [item.iter.gobsteel_rifle] to Dev
[16июл.2026 15:33:29.421] [Server thread/INFO] [net.minecraft.server.MinecraftServer/]: [Dev: Gave 1 [item.iter.gobsteel_rifle] to Dev]
[16июл.2026 15:33:29.441] [Render thread/INFO] [net.minecraft.client.gui.components.ChatComponent/]: [System] [CHAT] Gave 1 [item.iter.gobsteel_rifle] to Dev
[16июл.2026 15:34:09.985] [Server thread/INFO] [net.minecraft.server.MinecraftServer/]: [Dev: Summoned new entity.iter.hobgoblin]
[16июл.2026 15:34:09.997] [Render thread/INFO] [net.minecraft.client.gui.components.ChatComponent/]: [System] [CHAT] Summoned new entity.iter.hobgoblin
[16июл.2026 15:34:30.609] [Server thread/INFO] [net.minecraft.server.MinecraftServer/]: Dev has made the advancement [Hot Stuff]
[16июл.2026 15:34:30.617] [Render thread/INFO] [net.minecraft.client.gui.components.ChatComponent/]: [System] [CHAT] Dev has made the advancement [Hot Stuff]
[16июл.2026 15:34:30.661] [Render thread/INFO] [net.minecraft.advancements.AdvancementTree/]: Loaded 111 advancements
[16июл.2026 15:35:01.712] [Render thread/INFO] [net.minecraft.advancements.AdvancementTree/]: Loaded 112 advancements
[16июл.2026 15:35:32.780] [Server thread/WARN] [net.minecraft.world.level.levelgen.structure.pools.JigsawPlacement/]: Empty or non-existent pool: iter:generic_dungeon/descent
[16июл.2026 15:35:33.911] [Server thread/INFO] [net.minecraft.server.MinecraftServer/]: [Dev: Generated structure "iter:generic_dungeon" at -790, 94, 276]
[16июл.2026 15:35:33.928] [Render thread/INFO] [net.minecraft.client.gui.components.ChatComponent/]: [System] [CHAT] Generated structure "iter:generic_dungeon" at -790, 94, 276
[16июл.2026 15:35:34.833] [Server thread/INFO] [net.minecraft.server.MinecraftServer/]: [Dev: Set own game mode to Spectator Mode]
[16июл.2026 15:35:34.845] [Render thread/INFO] [net.minecraft.client.gui.components.ChatComponent/]: [System] [CHAT] Set own game mode to Spectator Mode
[16июл.2026 15:37:15.191] [Server thread/INFO] [net.minecraft.server.MinecraftServer/]: [Dev: Generated structure "iter:small_generic_dungeon" at -724, 63, 148]
[16июл.2026 15:37:15.195] [Render thread/INFO] [net.minecraft.client.gui.components.ChatComponent/]: [System] [CHAT] Generated structure "iter:small_generic_dungeon" at -724, 63, 148
[16июл.2026 15:37:32.381] [Server thread/INFO] [net.minecraft.server.MinecraftServer/]: [Dev: Set own game mode to Creative Mode]
[16июл.2026 15:37:32.395] [Render thread/INFO] [net.minecraft.client.gui.components.ChatComponent/]: [System] [CHAT] Set own game mode to Creative Mode
[16июл.2026 15:37:33.747] [Server thread/INFO] [net.minecraft.client.server.IntegratedServer/]: Saving and pausing game...
[16июл.2026 15:37:33.756] [Server thread/INFO] [net.minecraft.server.MinecraftServer/]: Saving chunks for level 'ServerLevel[New World]'/minecraft:overworld
[16июл.2026 15:37:33.764] [Server thread/INFO] [net.minecraft.server.MinecraftServer/]: Saving chunks for level 'ServerLevel[New World]'/minecraft:the_end
[16июл.2026 15:37:33.764] [Server thread/INFO] [net.minecraft.server.MinecraftServer/]: Saving chunks for level 'ServerLevel[New World]'/minecraft:the_nether
[16июл.2026 15:37:34.259] [Server thread/INFO] [net.minecraft.server.network.ServerGamePacketListenerImpl/]: Dev lost connection: Disconnected
[16июл.2026 15:37:34.260] [Server thread/INFO] [net.minecraft.server.MinecraftServer/]: Dev left the game
[16июл.2026 15:37:34.266] [Server thread/INFO] [net.minecraft.server.network.ServerCommonPacketListenerImpl/]: Stopping singleplayer server as player logged out
[16июл.2026 15:37:34.302] [Server thread/INFO] [net.minecraft.server.MinecraftServer/]: Stopping server
[16июл.2026 15:37:34.302] [Server thread/INFO] [net.minecraft.server.MinecraftServer/]: Saving players
[16июл.2026 15:37:34.302] [Server thread/INFO] [net.minecraft.server.MinecraftServer/]: Saving worlds
[16июл.2026 15:37:34.486] [Server thread/INFO] [net.minecraft.server.MinecraftServer/]: Saving chunks for level 'ServerLevel[New World]'/minecraft:overworld
[16июл.2026 15:37:34.791] [Server thread/INFO] [net.minecraft.server.MinecraftServer/]: Saving chunks for level 'ServerLevel[New World]'/minecraft:the_end
[16июл.2026 15:37:34.792] [Server thread/INFO] [net.minecraft.server.MinecraftServer/]: Saving chunks for level 'ServerLevel[New World]'/minecraft:the_nether
[16июл.2026 15:37:34.798] [Server thread/INFO] [net.minecraft.server.MinecraftServer/]: ThreadedAnvilChunkStorage (New World): All chunks are saved
[16июл.2026 15:37:34.798] [Server thread/INFO] [net.minecraft.server.MinecraftServer/]: ThreadedAnvilChunkStorage (DIM1): All chunks are saved
[16июл.2026 15:37:34.798] [Server thread/INFO] [net.minecraft.server.MinecraftServer/]: ThreadedAnvilChunkStorage (DIM-1): All chunks are saved
[16июл.2026 15:37:34.798] [Server thread/INFO] [net.minecraft.server.MinecraftServer/]: ThreadedAnvilChunkStorage: All dimensions are saved
[16июл.2026 15:37:35.715] [Render thread/INFO] [net.minecraft.client.Minecraft/]: Stopping!
